{
    "auditStatuses": [
        "DASHBOARD_TEST_CONFIGURED"
    ],
    "lastUpdated": 0,
    "dashboardTitle": "FS_COAF_DS_Slate",
    "businessService": "unknown",
    "businessApplication": "unknown",
    "review": {
        "TEST_RESULT": [
            {
                "auditStatuses": [],
                "lastUpdated": 0,
                "lastExecutionTime": 0,
                "totalStoryCount": 0,
                "threshold": 0,
                "percentTraceability": 0,
                "totalCompletedStories": [],
                "totalStories": []
            },
            {
                "auditStatuses": [
                    "TEST_RESULT_AUDIT_OK",
                    "TEST_RESULTS_TRACEABILITY_NOT_FOUND",
                    "TEST_RESULTS_TRACEABILITY_STORY_NOT_FOUND",
                    "TEST_RESULT_AUDIT_MISSING"
                ],
                "lastUpdated": 0,
                "lastExecutionTime": 1476643852954,
                "testCapabilities": [
                    {
                        "timestamp": 0,
                        "executionId": "94",
                        "description": "/json",
                        "startTime": 0,
                        "endTime": 0,
                        "duration": 161998,
                        "failedTestSuiteCount": 0,
                        "successTestSuiteCount": 1,
                        "skippedTestSuiteCount": 0,
                        "totalTestSuiteCount": 1,
                        "unknownStatusTestSuiteCount": 0,
                        "status": "Success",
                        "type": "Functional",
                        "testSuites": [
                            {
                                "id": "validate-auto-loan-account-details",
                                "description": "Feature:Validate Auto Loan Account Details",
                                "type": "Functional",
                                "startTime": 0,
                                "endTime": 0,
                                "duration": 161998,
                                "totalTestCaseCount": 2,
                                "failedTestCaseCount": 0,
                                "successTestCaseCount": 2,
                                "skippedTestCaseCount": 0,
                                "unknownStatusCount": 0,
                                "status": "Success",
                                "testCases": [
                                    {
                                        "id": "validate-auto-loan-account-details;validate-the-nick-name-accountdetails-l2-page",
                                        "description": "Scenario:Validate the Nick Name Accountdetails L2 page",
                                        "duration": 161997,
                                        "totalTestStepCount": 11,
                                        "failedTestStepCount": 0,
                                        "successTestStepCount": 11,
                                        "skippedTestStepCount": 0,
                                        "unknownStatusTestStepCount": 0,
                                        "status": "Success",
                                        "testSteps": [
                                            {
                                                "id": "1157",
                                                "description": "Given :The Auto Loan account with \"Nick_Name_Test\"",
                                                "duration": 162,
                                                "status": "Success"
                                            },
                                            {
                                                "id": "1158",
                                                "description": "And :I'm on EASE  Welcome page",
                                                "duration": 26925,
                                                "status": "Success"
                                            },
                                            {
                                                "id": "1159",
                                                "description": "And :I click on preferences on Account Settings",
                                                "duration": 6978,
                                                "status": "Success"
                                            },
                                            {
                                                "id": "1160",
                                                "description": "And :I click on Add Nickname and pass \"Angelo\"",
                                                "duration": 8168,
                                                "status": "Success"
                                            },
                                            {
                                                "id": "1161",
                                                "description": "And :I Logout from Preferences Page",
                                                "duration": 11205,
                                                "status": "Success"
                                            },
                                            {
                                                "id": "1162",
                                                "description": "Then :The Auto Loan account with \"Nick_Name_Test\"",
                                                "duration": 47,
                                                "status": "Success"
                                            },
                                            {
                                                "id": "1163",
                                                "description": "And :I'm on EASE  Welcome page",
                                                "duration": 22027,
                                                "status": "Success"
                                            },
                                            {
                                                "id": "1164",
                                                "description": "And :I am on the transaction page",
                                                "duration": 39588,
                                                "status": "Success"
                                            },
                                            {
                                                "id": "1165",
                                                "description": "Then :I verify the account name shown is the same as inputted nickname from the preferences page",
                                                "duration": 560,
                                                "status": "Success"
                                            },
                                            {
                                                "id": "1166",
                                                "description": "And :I am on the Payment Modal page",
                                                "duration": 43410,
                                                "status": "Success"
                                            },
                                            {
                                                "id": "1167",
                                                "description": "Then :I verify the account name shown on the modal is the same as inputted nickname",
                                                "duration": 2927,
                                                "status": "Success"
                                            }
                                        ],
                                        "tags": [
                                            "@B-1334544",
                                            "@B-1626822",
                                            "@TEART-11998",
                                            "@B-1234567",
                                            "@regression",
                                            "@B-1521515"
                                        ],
                                        "storyIndicators": [
                                            {
                                                "storyId": "Story:25440803",
                                                "storyNumber": "B-1626822",
                                                "storyName": "Stop calling Account Summary from L2 - Performance Improvements",
                                                "storyStatus": "Accepted",
                                                "storyState": "Closed",
                                                "storyType": "Story",
                                                "epicNumber": "E-51172",
                                                "epicName": "Continuous Improvement",
                                                "projectName": "Web PI-8",
                                                "teamName": "Slate",
                                                "sprintName": "Sprint 8.5 (9/1 - 9/14)"
                                            },
                                            {
                                                "storyId": "Story:25440803",
                                                "storyNumber": "TEART-11998",
                                                "storyName": "Combine the Json response to include Artemis PAR Quality Check 4.3 and 4.6",
                                                "storyStatus": "Accepted",
                                                "storyState": "Closed",
                                                "storyType": "Story",
                                                "epicNumber": "TEART-11900",
                                                "epicName": "PAR 2.0: Traceability Endpoint for Hygieia Audit API",
                                                "projectName": "Traceability 1.0",
                                                "teamName": "Hygieia",
                                                "sprintName": "TEART Sprint 11.2"
                                            },
                                            {
                                                "storyId": "Story:23686951",
                                                "storyNumber": "B-1521515",
                                                "storyName": "AWS - Confirm null-ASV cloud custodian is working as expected",
                                                "storyStatus": "",
                                                "storyState": "Closed",
                                                "storyType": "Story",
                                                "epicNumber": "E-126986",
                                                "epicName": "HL General",
                                                "projectName": "Kanban Board - Laguna",
                                                "teamName": "Laguna",
                                                "sprintName": ""
                                            }
                                        ],
                                        "before": [
                                            {
                                                "condition": "Match: Hooks.shutdownHook()",
                                                "result": {
                                                    "status": "Success",
                                                    "duration": 51099790
                                                }
                                            }
                                        ],
                                        "after": [
                                            {
                                                "condition": "Match: AccountDetailsStepDef.embedScreenshot(Scenario)",
                                                "result": {
                                                    "status": "Success",
                                                    "duration": 1750778
                                                }
                                            },
                                            {
                                                "condition": "Match: Hooks.logout()",
                                                "result": {
                                                    "status": "Success",
                                                    "duration": 42169376799
                                                }
                                            }
                                        ],
                                        "unknownStatusCount": 0
                                    },
                                    {
                                        "id": "validate-auto-loan-account-details;validate-the-nick-name-on-l1",
                                        "description": "Scenario:Validate the Nick Name on L1",
                                        "duration": 1,
                                        "totalTestStepCount": 4,
                                        "failedTestStepCount": 0,
                                        "successTestStepCount": 4,
                                        "skippedTestStepCount": 0,
                                        "unknownStatusTestStepCount": 0,
                                        "status": "Success",
                                        "testSteps": [
                                            {
                                                "id": "1174",
                                                "description": "Given :I do the following manual action to validate below",
                                                "duration": 1,
                                                "status": "Success"
                                            },
                                            {
                                                "id": "1177",
                                                "description": "When :I do the following manual action to validate below",
                                                "duration": 0,
                                                "status": "Success"
                                            },
                                            {
                                                "id": "1180",
                                                "description": "And :I do the following manual action to validate below",
                                                "duration": 0,
                                                "status": "Success"
                                            },
                                            {
                                                "id": "1183",
                                                "description": "Then :I do the following manual action to validate below",
                                                "duration": 0,
                                                "status": "Success"
                                            }
                                        ],
                                        "tags": [],
                                        "storyIndicators": [],
                                        "before": [
                                            {
                                                "condition": "Match: Hooks.shutdownHook()",
                                                "result": {
                                                    "status": "Success",
                                                    "duration": 850300
                                                }
                                            }
                                        ],
                                        "after": [
                                            {
                                                "condition": "Match: AccountDetailsStepDef.embedScreenshot(Scenario)",
                                                "result": {
                                                    "status": "Success",
                                                    "duration": 173027
                                                }
                                            },
                                            {
                                                "condition": "Match: Hooks.logout()",
                                                "result": {
                                                    "status": "Success",
                                                    "duration": 135056
                                                }
                                            }
                                        ],
                                        "unknownStatusCount": 0
                                    }
                                ]
                            }
                        ]
                    }
                ],
                "totalStoryCount": 3,
                "threshold": 80,
                "percentTraceability": 100,
                "totalCompletedStories": [
                    "B-1626822",
                    "TEART-11998",
                    "B-1521515"
                ],
                "totalStories": [
                    {
                        "TEART-11998": {
                            "auditStatus": "TEST_RESULTS_TRACEABILITY_STORY_MATCH"
                        },
                        "B-1521515": {
                            "auditStatus": "TEST_RESULTS_TRACEABILITY_STORY_MATCH"
                        },
                        "B-1234567": {
                            "auditStatus": "TEST_RESULTS_TRACEABILITY_STORY_STATUS_INVALID"
                        },
                        "B-1626822": {
                            "auditStatus": "TEST_RESULTS_TRACEABILITY_STORY_MATCH"
                        }
                    }
                ]
            },
            {
                "auditStatuses": [],
                "lastUpdated": 0,
                "lastExecutionTime": 0,
                "totalStoryCount": 0,
                "threshold": 0,
                "percentTraceability": 0,
                "totalCompletedStories": [],
                "totalStories": []
            }
        ]
    }
}