[
  {
  "collectorId" : "5c38f2f087cd1f53ca81bd3d",
  "sId" : "3420363",
  "sNumber" : "WO-1826",
  "sName" : "test MVP",
  "sTypeId" : "6",
  "sTypeName" : "Epic",
  "sStatus" : "Backlog",
  "sState" : "Backlog",
  "sEstimate" : "",
  "sEstimateTime" : 0,
  "sUrl" : "https://jira.com/browse/WO-1826",
  "changeDate" : "2019-01-14T13:27:28.000-0500",
  "isDeleted" : "False",
  "sOwnersIsDeleted" : [],
  "sOwnersChangeDate" : [],
  "sOwnersState" : [
    "Active"
  ],
  "sTeamIsDeleted" : "False",
  "sTeamAssetState" : "",
  "sTeamChangeDate" : "",
  "sTeamName" : "test",
  "sTeamID" : "999",
  "sEpicID" : "",
  "sProjectPath" : "",
  "sProjectIsDeleted" : "False",
  "sProjectState" : "",
  "sProjectChangeDate" : "",
  "sProjectEndDate" : "",
  "sProjectBeginDate" : "",
  "sProjectName" : "test Orchestrator",
  "sProjectID" : "12515",
  "issueLinks" : []
  }
]