[
  {
    "id" : "5c39790587cd1fd2913be212",
    "collectorId" : "5c38f2f087cd1f53ca81bd3d",
    "pId" : "137001",
    "name" : "Project 3 updated",
    "projectPath" : "Project 3 updated",
    "beginDate" : "",
    "endDate" : "",
    "changeDate" : "",
    "isDeleted" : "False",
    "lastCollected" : 0
  },
  {
    "id" : "5c38f39587cd1f53ca81e995",
    "collectorId" : "5c38f2f087cd1f53ca81bd3d",
    "pId" : "115001",
    "name" : "Project 4 updated",
    "projectPath" : "Project 4 updated",
    "beginDate" : "",
    "endDate" : "",
    "changeDate" : "",
    "isDeleted" : "False",
    "lastCollected" : 0
  }
]